// Jest Snapshot v1, https://goo.gl/fbAQLP

exports[`renders About correctly 1`] = `
<div>
  About
</div>
`;
